2026-02-25 15:21:50,229 - INFO - Processed: almonds.jpg
2026-02-25 15:21:50,286 - INFO - Processed: apple.jpeg
2026-02-25 15:21:50,341 - INFO - Processed: apple.jpg
2026-02-25 15:21:50,389 - INFO - Processed: apple_dZ2JQBb.jpeg
2026-02-25 15:21:50,416 - INFO - Processed: apple_SBg9YFl.jpeg
2026-02-25 15:21:50,506 - INFO - Processed: avocado.jpeg
2026-02-25 15:21:50,560 - INFO - Processed: avocado.jpg
2026-02-25 15:21:50,655 - INFO - Processed: avocado_Pgfl1PF.jpeg
2026-02-25 15:21:50,689 - INFO - Processed: banana.jpeg
2026-02-25 15:21:50,739 - INFO - Processed: banana.jpg
2026-02-25 15:21:50,773 - INFO - Processed: banana_grPPO6f.jpeg
2026-02-25 15:21:50,812 - INFO - Processed: banana_ONwDyBd.jpeg
2026-02-25 15:21:50,872 - INFO - Processed: beetroot.jpg
2026-02-25 15:21:50,936 - INFO - Processed: besan.jpg
2026-02-25 15:21:50,989 - INFO - Processed: black_tea.jpg
2026-02-25 15:21:51,059 - INFO - Processed: blueberry.jpg
2026-02-25 15:21:51,122 - INFO - Processed: brown_sugar.jpg
2026-02-25 15:21:51,170 - INFO - Processed: butter.jpg
2026-02-25 15:21:51,523 - INFO - Processed: carousel 1.jpeg
2026-02-25 15:21:51,767 - INFO - Processed: carousel 2.jpeg
2026-02-25 15:21:51,994 - INFO - Processed: carousel 3.jpeg
2026-02-25 15:21:52,083 - INFO - Processed: carrot.jpg
2026-02-25 15:21:52,152 - INFO - Processed: cashews.jpg
2026-02-25 15:21:52,222 - INFO - Processed: cauliflower.jpg
2026-02-25 15:21:52,289 - INFO - Processed: coffee.jpg
2026-02-25 15:21:52,352 - INFO - Processed: cooking_oil.jpg
2026-02-25 15:21:52,426 - INFO - Processed: cream.jpg
2026-02-25 15:21:52,497 - INFO - Processed: dishwashing_liquid.jpg
2026-02-25 15:21:52,536 - INFO - Processed: dish_soap.jpg
2026-02-25 15:21:52,585 - INFO - Processed: eggs.jpg
2026-02-25 15:21:52,663 - INFO - Processed: floor_cleaner.jpg
2026-02-25 15:21:52,706 - INFO - Processed: floor_mop.jpg
2026-02-25 15:21:52,801 - INFO - Processed: grapes.jpeg
2026-02-25 15:21:52,865 - INFO - Processed: grapes.jpg
2026-02-25 15:21:52,960 - INFO - Processed: grapes_49FUBZY.jpeg
2026-02-25 15:21:53,004 - INFO - Processed: groceries.jpeg
2026-02-25 15:21:53,054 - INFO - Processed: guava.jpg
2026-02-25 15:21:53,127 - INFO - Processed: hand_wash.jpg
2026-02-25 15:21:53,185 - INFO - Processed: herbal_tea.jpg
2026-02-25 15:21:53,264 - INFO - Processed: kiwi.jpeg
2026-02-25 15:21:53,338 - INFO - Processed: kiwi.jpg
2026-02-25 15:21:53,420 - INFO - Processed: maida.jpg
2026-02-25 15:21:53,520 - INFO - Processed: mango.jpeg
2026-02-25 15:21:53,586 - INFO - Processed: mango.jpg
2026-02-25 15:21:53,736 - INFO - Processed: masoor_dal.jpg
2026-02-25 15:21:53,835 - INFO - Processed: milk.jpg
2026-02-25 15:21:53,917 - INFO - Processed: moong_dal.jpg
2026-02-25 15:21:53,980 - INFO - Processed: mushroom.jpg
2026-02-25 15:21:54,082 - INFO - Processed: namkeen.jpg
2026-02-25 15:21:54,144 - INFO - Processed: onion.jpg
2026-02-25 15:21:54,229 - INFO - Processed: orange.jpg
2026-02-25 15:21:54,311 - INFO - Processed: orange.png
2026-02-25 15:21:54,396 - INFO - Processed: orange_juice.jpg
2026-02-25 15:21:54,454 - INFO - Processed: orange_Rm3vwUg.png
2026-02-25 15:21:54,524 - INFO - Processed: pasta.jpg
2026-02-25 15:21:54,677 - INFO - Processed: potatoes.jpg
2026-02-25 15:21:54,806 - INFO - Processed: potatoes_54Iynsd.jpg
2026-02-25 15:21:54,878 - INFO - Processed: potato_chips.jpg
2026-02-25 15:21:54,943 - INFO - Processed: pumpkin.jpg
2026-02-25 15:21:54,995 - INFO - Processed: radish.jpg
2026-02-25 15:21:55,464 - INFO - Processed: rb_2147495474.png
2026-02-25 15:21:55,560 - INFO - Processed: rice.jpg
2026-02-25 15:21:55,661 - INFO - Processed: sour_cream.jpg
2026-02-25 15:21:55,739 - INFO - Processed: spinach.jpg
2026-02-25 15:21:55,806 - INFO - Processed: strawberry.jpg
2026-02-25 15:21:55,867 - INFO - Processed: sugar.jpg
2026-02-25 15:21:55,919 - INFO - Processed: tea.jpg
2026-02-25 15:21:55,975 - INFO - Processed: tomato.jpg
2026-02-25 15:21:56,048 - INFO - Processed: walnuts.jpg
2026-02-25 15:21:56,132 - INFO - Processed: watermelon.jpeg
2026-02-25 15:21:56,240 - INFO - Processed: wheat_flour.jpg
